// Jest Snapshot v1, https://goo.gl/fbAQLP

exports[`breadcrumb is rendered as it should 1`] = `
<div
  className="mb-3 mt-3 container"
>
  <nav
    aria-label="breadcrumb"
  >
    <ol
      className="breadcrumb"
    >
      <li
        className="breadcrumb-item"
        onClick={[Function]}
      >
        <a
          href="#"
          onClick={[Function]}
          onKeyDown={[Function]}
          role="button"
        >
          PÃ¡gina Inicial
        </a>
      </li>
      <li
        aria-current="page"
        className="breadcrumb-item active"
      >
        Deputados
      </li>
    </ol>
  </nav>
</div>
`;
